
~~~~~~~~~~~~~~~~~~~~~~~~~~~~~~~~~~~~~~~~~~~~~~~~~~~~~~~~~~~~~~~~~~~~~~~~~~~~~~~
test_test is a Catch v2.0.1 host application.
Run with -? for options

-------------------------------------------------------------------------------
Matrix flipdim
-------------------------------------------------------------------------------
tests/./cases/flip.hpp:3
...............................................................................

tests/./cases/flip.hpp:20: FAILED:
  REQUIRE( std::abs( f[r][c] - expected[r][c] ) < 1.0e-12 )
with expansion:
  4.0 < 0.0

double free or corruption (out)
tests/./cases/flip.hpp:3: FAILED:
  {Unknown expression after the reported line}
due to a fatal error condition:
  SIGABRT - Abort (abnormal termination) signal

===============================================================================
test cases: 1 | 1 failed
assertions: 5 | 3 passed | 2 failed

timeout: the monitored command dumped core
