=================================================================
==302339==ERROR: AddressSanitizer: heap-buffer-overflow on address 0x7c3fe21e00b8 at pc 0x7f7fe3928ed9 bp 0x7ffe61b77c70 sp 0x7ffe61b77428
WRITE of size 40 at 0x7c3fe21e00b8 thread T0
    #0 0x7f7fe3928ed8 in memmove (/usr/lib/libasan.so.8+0x128ed8) (BuildId: b8a4241051a1621937fdc46e867ba7ecb56d96ea)
    #1 0x55e7c51fbcd0 in main (/workspace/github.repo/matrix/.work/probe_s1+0x8cd0) (BuildId: 2dda3fdb7bc28c0cc9802f1c69c03c918eca7751)
    #2 0x7f7fe3027780  (/usr/lib/libc.so.6+0x27780) (BuildId: 503200d7fda94a5dc6058d7e0694e5d1dcb2e372)
    #3 0x7f7fe30278b8 in __libc_start_main (/usr/lib/libc.so.6+0x278b8) (BuildId: 503200d7fda94a5dc6058d7e0694e5d1dcb2e372)
    #4 0x55e7c51f7364 in _start (/workspace/github.repo/matrix/.work/probe_s1+0x4364) (BuildId: 2dda3fdb7bc28c0cc9802f1c69c03c918eca7751)

0x7c3fe21e00b8 is located 0 bytes after 120-byte region [0x7c3fe21e0040,0x7c3fe21e00b8)
allocated by thread T0 here:
    #0 0x7f7fe392d2a1 in operator new(unsigned long) (/usr/lib/libasan.so.8+0x12d2a1) (BuildId: b8a4241051a1621937fdc46e867ba7ecb56d96ea)
    #1 0x55e7c51fbaf6 in main (/workspace/github.repo/matrix/.work/probe_s1+0x8af6) (BuildId: 2dda3fdb7bc28c0cc9802f1c69c03c918eca7751)

SUMMARY: AddressSanitizer: heap-buffer-overflow (/workspace/github.repo/matrix/.work/probe_s1+0x8cd0) (BuildId: 2dda3fdb7bc28c0cc9802f1c69c03c918eca7751) in main
Shadow bytes around the buggy address:
  0x7c3fe21dfe00: 00 00 00 00 00 00 00 00 00 00 00 00 00 00 00 00
  0x7c3fe21dfe80: 00 00 00 00 00 00 00 00 00 00 00 00 00 00 00 00
  0x7c3fe21dff00: 00 00 00 00 00 00 00 00 00 00 00 00 00 00 00 00
  0x7c3fe21dff80: 00 00 00 00 00 00 00 00 00 00 00 00 00 00 00 00
  0x7c3fe21e0000: fa fa fa fa fa fa fa fa 00 00 00 00 00 00 00 00
=>0x7c3fe21e0080: 00 00 00 00 00 00 00[fa]fa fa fa fa fa fa fa fa
  0x7c3fe21e0100: fa fa fa fa fa fa fa fa fa fa fa fa fa fa fa fa
  0x7c3fe21e0180: fa fa fa fa fa fa fa fa fa fa fa fa fa fa fa fa
  0x7c3fe21e0200: fa fa fa fa fa fa fa fa fa fa fa fa fa fa fa fa
  0x7c3fe21e0280: fa fa fa fa fa fa fa fa fa fa fa fa fa fa fa fa
  0x7c3fe21e0300: fa fa fa fa fa fa fa fa fa fa fa fa fa fa fa fa
Shadow byte legend (one shadow byte represents 8 application bytes):
  Addressable:           00
  Partially addressable: 01 02 03 04 05 06 07 
  Heap left redzone:       fa
  Freed heap region:       fd
  Stack left redzone:      f1
  Stack mid redzone:       f2
  Stack right redzone:     f3
  Stack after return:      f5
  Stack use after scope:   f8
  Global redzone:          f9
  Global init order:       f6
  Poisoned by user:        f7
  Container overflow:      fc
  Array cookie:            ac
  Intra object redzone:    bb
  ASan internal:           fe
  Left alloca redzone:     ca
  Right alloca redzone:    cb
==302339==ABORTING
