running create.

0	1	0	
1	-4	1	
0	1	0	

running apply.

running access.

running clone.

running data.

running det.

1012.31951983476	:	1012.31951983476
running divide_equal.

running slicing.

running inverse.

running save_load.

running minus_equal.

running multiply_equal.

running plus_equal.

running prefix.

running sin.

running sinh.

running eye.

running make_view.

running conv.

running lu_decomposition.

mean absolute error for lu solver is 1.56978007661495e-10
running gauss_jordan_elimination.

running singular value decomposition.

running save_with_colormap.

running magic.

Magic 3
 8	1	6	
3	5	7	
4	9	2	

Magic 4
 16	3	2	13	
5	10	11	8	
9	6	7	12	
4	15	14	1	

Magic 5
 17	24	1	8	15	
23	5	7	14	16	
4	6	13	20	22	
10	12	19	21	3	
11	18	25	2	9	

Magic 6
 32	29	4	1	24	21	
30	31	2	3	22	23	
12	9	17	20	28	25	
10	11	18	19	26	27	
13	16	33	36	8	5	
14	15	34	35	6	7	

Magic 8
 64	2	3	61	60	6	7	57	
9	55	54	12	13	51	50	16	
17	47	46	20	21	43	42	24	
40	26	27	37	36	30	31	33	
32	34	35	29	28	38	39	25	
41	23	22	44	45	19	18	48	
49	15	14	52	53	11	10	56	
8	58	59	5	4	62	63	1	

Magic 10
 68	65	96	93	4	1	32	29	60	57	
66	67	94	95	2	3	30	31	58	59	
92	89	20	17	28	25	56	53	64	61	
90	91	18	19	26	27	54	55	62	63	
16	13	24	21	49	52	80	77	88	85	
14	15	22	23	50	51	78	79	86	87	
37	40	45	48	73	76	84	81	9	12	
38	39	46	47	74	75	82	83	10	11	
41	44	69	72	97	100	5	8	33	36	
43	42	71	70	99	98	7	6	35	34	

running pooling.

running global_save_as_bmp.

running mandelbrot.

running mandelbrot::1.

running mandelbrot::2.

running plot.

running meshgrid.

0	1	2	
0	1	2	
0	1	2	
0	1	2	
0	1	2	

0	0	0	
1	1	1	
2	2	2	
3	3	3	
4	4	4	

running arange.

running clip.

running empty.

running linspace.

linspace<double>(1, 10, 10):
1	2	3	4	5	6	7	8	9	10	

linspace<double>(1, 10, 10, false):
1	1.89999999999999991	2.79999999999999982	3.70000000000000018	4.59999999999999964	5.5	6.40000000000000036	7.29999999999999982	8.19999999999999929	9.09999999999999964	

running astype.

